../Core/Src/stm32f7xx_it.c:277:6:SIMPLE_UART_Transmit.part.0	32	static
../Core/Src/stm32f7xx_it.c:86:6:NMI_Handler	0	static
../Core/Src/stm32f7xx_it.c:101:6:HardFault_Handler	0	static
../Core/Src/stm32f7xx_it.c:116:6:MemManage_Handler	0	static
../Core/Src/stm32f7xx_it.c:131:6:BusFault_Handler	0	static
../Core/Src/stm32f7xx_it.c:146:6:UsageFault_Handler	0	static
../Core/Src/stm32f7xx_it.c:161:6:SVC_Handler	0	static
../Core/Src/stm32f7xx_it.c:174:6:DebugMon_Handler	0	static
../Core/Src/stm32f7xx_it.c:187:6:PendSV_Handler	0	static
../Core/Src/stm32f7xx_it.c:200:6:SysTick_Handler	0	static
../Core/Src/stm32f7xx_it.c:221:6:TIM1_CC_IRQHandler	0	static
../Core/Src/stm32f7xx_it.c:231:6:HAL_TIM_OC_DelayElapsedCallback	8	static
../Core/Src/stm32f7xx_it.c:256:6:data_trans	24	static
../Core/Src/stm32f7xx_it.c:277:6:SIMPLE_UART_Transmit	4	static
