../Core/Src/stm32f7xx_hal_msp.c:63:6:HAL_MspInit	8	static
../Core/Src/stm32f7xx_hal_msp.c:86:6:HAL_ETH_MspInit	80	static
../Core/Src/stm32f7xx_hal_msp.c:154:6:HAL_ETH_MspDeInit	8	static
../Core/Src/stm32f7xx_hal_msp.c:196:6:HAL_TIM_Base_MspInit	16	static
../Core/Src/stm32f7xx_hal_msp.c:222:6:HAL_TIM_Base_MspDeInit	0	static
../Core/Src/stm32f7xx_hal_msp.c:247:6:HAL_UART_MspInit	192	static
../Core/Src/stm32f7xx_hal_msp.c:328:6:HAL_UART_MspDeInit	0	static
../Core/Src/stm32f7xx_hal_msp.c:375:6:HAL_PCD_MspInit	200	static
../Core/Src/stm32f7xx_hal_msp.c:430:6:HAL_PCD_MspDeInit	0	static
